08:49:50 **** Incremental Build of configuration Debug for project i2c ****
make -r -j4 linker-script-debug.ld all 
make: 'linker-script-debug.ld' is up to date.
Building file: ../main-i2c.cpp
Invoking: MCU C++ Compiler
arm-none-eabi-c++ -std=gnu++98 -DDEVICE_EMAC=1 -DFEATURE_LWIP=1 -D__MBED__=1 -DDEVICE_I2CSLAVE=1 -D__FPU_PRESENT=1 -DTARGET_Freescale -DDEVICE_PORTINOUT=1 -DTARGET_RTOS_M4_M7 -DDEVICE_RTC=1 -DTOOLCHAIN_object -DDEVICE_SERIAL_ASYNCH=1 -D__CMSIS_RTOS -DFSL_RTOS_MBED -DMBED_BUILD_TIMESTAMP=1534012285.76 -DDEVICE_STORAGE=1 -DTARGET_KPSDK_MCUS -DTOOLCHAIN_GCC -DDEVICE_CRC=1 -DTARGET_CORTEX_M -DTARGET_KSDK2_MCUS -DTARGET_LIKE_CORTEX_M4 -DDEVICE_ANALOGOUT=1 -DTARGET_M4 -DTARGET_UVISOR_UNSUPPORTED -DTARGET_K64F -DDEVICE_SPI_ASYNCH=1 -DDEVICE_LPTICKER=1 -DDEVICE_PWMOUT=1 -DDEVICE_INTERRUPTIN=1 -DTARGET_Freescale_EMAC -DTARGET_CORTEX -DDEVICE_I2C=1 -DDEVICE_PORTOUT=1 -D__CORTEX_M4 -DDEVICE_STDIO_MESSAGES=1 -DCPU_MK64FN1M0VMD12 -DTARGET_LIKE_MBED -DTARGET_FF_ARDUINO -DTARGET_KPSDK_CODE -DTARGET_RELEASE -DDEVICE_SERIAL_FC=1 -DFEATURE_STORAGE=1 -DDEVICE_USTICKER=1 -DDEVICE_TRNG=1 -D__MBED_CMSIS_RTOS_CM -DDEVICE_SLEEP=1 -DTOOLCHAIN_GCC_ARM -DTARGET_FRDM -DTARGET_MCUXpresso_MCUS -DDEVICE_SPI=1 -DDEVICE_SPISLAVE=1 -DDEVICE_ANALOGIN=1 -DDEVICE_SERIAL=1 -DDEVICE_FLASH=1 -DDEVICE_PORTIN=1 -DTARGET_MCU_K64F -DARM_MATH_CM4 -D__NEWLIB__ -I"/home/fei/kru0142/workspace.mcu/i2c/." -I"/home/fei/kru0142/workspace.mcu/i2c/mbed/." -I"/home/fei/kru0142/workspace.mcu/i2c/mbed/TARGET_K64F" -I"/home/fei/kru0142/workspace.mcu/i2c/mbed/TARGET_K64F/TARGET_Freescale" -I"/home/fei/kru0142/workspace.mcu/i2c/mbed/TARGET_K64F/TARGET_Freescale/TARGET_MCUXpresso_MCUS" -I"/home/fei/kru0142/workspace.mcu/i2c/mbed/TARGET_K64F/TARGET_Freescale/TARGET_MCUXpresso_MCUS/TARGET_MCU_K64F" -I"/home/fei/kru0142/workspace.mcu/i2c/mbed/TARGET_K64F/TARGET_Freescale/TARGET_MCUXpresso_MCUS/TARGET_MCU_K64F/TARGET_FRDM" -I"/home/fei/kru0142/workspace.mcu/i2c/mbed/TARGET_K64F/TARGET_Freescale/TARGET_MCUXpresso_MCUS/TARGET_MCU_K64F/device" -I"/home/fei/kru0142/workspace.mcu/i2c/mbed/TARGET_K64F/TARGET_Freescale/TARGET_MCUXpresso_MCUS/TARGET_MCU_K64F/drivers" -I"/home/fei/kru0142/workspace.mcu/i2c/mbed/TARGET_K64F/TARGET_Freescale/TARGET_MCUXpresso_MCUS/api" -I"/home/fei/kru0142/workspace.mcu/i2c/mbed/TARGET_K64F/TOOLCHAIN_GCC_ARM" -I"/home/fei/kru0142/workspace.mcu/i2c/mbed/drivers" -I"/home/fei/kru0142/workspace.mcu/i2c/mbed/hal" -I"/home/fei/kru0142/workspace.mcu/i2c/mbed/platform" -I"/home/fei/kru0142/workspace.mcu/i2c/" -include"/home/fei/kru0142/workspace.mcu/i2c/mbed_config.h" -O0 -fno-rtti -fmessage-length=0 -fno-exceptions -fno-builtin -ffunction-sections -fdata-sections -funsigned-char -fno-delete-null-pointer-checks -fomit-frame-pointer -g3 -Wall -Wextra -c -DMBED_DEBUG -DMBED_TRAP_ERRORS_ENABLED=1 -Wno-unused-parameter -Wno-missing-field-initializers -mcpu=cortex-m4 -mfpu=fpv4-sp-d16 -mfloat-abi=softfp -mthumb -D__NEWLIB__ -MMD -MP -MF"main-i2c.d" -MT"main-i2c.o" -MT"main-i2c.d" -o "main-i2c.o" "../main-i2c.cpp"
../main-i2c.cpp: In member function 'void Radio::GetRDS()':
../main-i2c.cpp:308:29: warning: suggest parentheses around comparison in operand of '&' [-Wparentheses]
               if(RESP7&0x0F >=8)
                        ~~~~~^~~
../main-i2c.cpp:251:17: warning: unused variable 'STATUS' [-Wunused-variable]
         uint8_t STATUS = I2C_Input();
                 ^~~~~~
../main-i2c.cpp:253:17: warning: unused variable 'RESP1' [-Wunused-variable]
         uint8_t RESP1 = I2C_Input();
                 ^~~~~
../main-i2c.cpp:255:17: warning: unused variable 'RESP2' [-Wunused-variable]
         uint8_t RESP2 = I2C_Input();
                 ^~~~~
../main-i2c.cpp:259:17: warning: unused variable 'RESP4' [-Wunused-variable]
         uint8_t RESP4 = I2C_Input(); // BLOCK A HI
                 ^~~~~
../main-i2c.cpp:261:17: warning: unused variable 'RESP5' [-Wunused-variable]
         uint8_t RESP5 = I2C_Input(); // LO
                 ^~~~~
../main-i2c.cpp: In member function 'int Radio::GetFreq()':
../main-i2c.cpp:238:2: warning: control reaches end of non-void function [-Wreturn-type]
  }
  ^
Finished building: ../main-i2c.cpp
 
Building target: i2c.axf
Invoking: MCU C++ Linker
arm-none-eabi-c++ -o "i2c.axf"  ./i2c-lib.o ./main-i2c.o ./si4735-lib.o  /home/fei/kru0142/workspace.mcu/i2c/mbed/TARGET_K64F/TOOLCHAIN_GCC_ARM/PeripheralPins.o /home/fei/kru0142/workspace.mcu/i2c/mbed/TARGET_K64F/TOOLCHAIN_GCC_ARM/analogin_api.o /home/fei/kru0142/workspace.mcu/i2c/mbed/TARGET_K64F/TOOLCHAIN_GCC_ARM/analogout_api.o /home/fei/kru0142/workspace.mcu/i2c/mbed/TARGET_K64F/TOOLCHAIN_GCC_ARM/crc.o /home/fei/kru0142/workspace.mcu/i2c/mbed/TARGET_K64F/TOOLCHAIN_GCC_ARM/dma_api.o /home/fei/kru0142/workspace.mcu/i2c/mbed/TARGET_K64F/TOOLCHAIN_GCC_ARM/flash_api.o /home/fei/kru0142/workspace.mcu/i2c/mbed/TARGET_K64F/TOOLCHAIN_GCC_ARM/fsl_adc16.o /home/fei/kru0142/workspace.mcu/i2c/mbed/TARGET_K64F/TOOLCHAIN_GCC_ARM/fsl_clock.o /home/fei/kru0142/workspace.mcu/i2c/mbed/TARGET_K64F/TOOLCHAIN_GCC_ARM/fsl_clock_config.o /home/fei/kru0142/workspace.mcu/i2c/mbed/TARGET_K64F/TOOLCHAIN_GCC_ARM/fsl_cmp.o /home/fei/kru0142/workspace.mcu/i2c/mbed/TARGET_K64F/TOOLCHAIN_GCC_ARM/fsl_cmt.o /home/fei/kru0142/workspace.mcu/i2c/mbed/TARGET_K64F/TOOLCHAIN_GCC_ARM/fsl_common.o /home/fei/kru0142/workspace.mcu/i2c/mbed/TARGET_K64F/TOOLCHAIN_GCC_ARM/fsl_crc.o /home/fei/kru0142/workspace.mcu/i2c/mbed/TARGET_K64F/TOOLCHAIN_GCC_ARM/fsl_dac.o /home/fei/kru0142/workspace.mcu/i2c/mbed/TARGET_K64F/TOOLCHAIN_GCC_ARM/fsl_dmamux.o /home/fei/kru0142/workspace.mcu/i2c/mbed/TARGET_K64F/TOOLCHAIN_GCC_ARM/fsl_dspi.o /home/fei/kru0142/workspace.mcu/i2c/mbed/TARGET_K64F/TOOLCHAIN_GCC_ARM/fsl_dspi_edma.o /home/fei/kru0142/workspace.mcu/i2c/mbed/TARGET_K64F/TOOLCHAIN_GCC_ARM/fsl_edma.o /home/fei/kru0142/workspace.mcu/i2c/mbed/TARGET_K64F/TOOLCHAIN_GCC_ARM/fsl_enet.o /home/fei/kru0142/workspace.mcu/i2c/mbed/TARGET_K64F/TOOLCHAIN_GCC_ARM/fsl_ewm.o /home/fei/kru0142/workspace.mcu/i2c/mbed/TARGET_K64F/TOOLCHAIN_GCC_ARM/fsl_flash.o /home/fei/kru0142/workspace.mcu/i2c/mbed/TARGET_K64F/TOOLCHAIN_GCC_ARM/fsl_flexbus.o /home/fei/kru0142/workspace.mcu/i2c/mbed/TARGET_K64F/TOOLCHAIN_GCC_ARM/fsl_flexcan.o /home/fei/kru0142/workspace.mcu/i2c/mbed/TARGET_K64F/TOOLCHAIN_GCC_ARM/fsl_ftm.o /home/fei/kru0142/workspace.mcu/i2c/mbed/TARGET_K64F/TOOLCHAIN_GCC_ARM/fsl_gpio.o /home/fei/kru0142/workspace.mcu/i2c/mbed/TARGET_K64F/TOOLCHAIN_GCC_ARM/fsl_i2c.o /home/fei/kru0142/workspace.mcu/i2c/mbed/TARGET_K64F/TOOLCHAIN_GCC_ARM/fsl_i2c_edma.o /home/fei/kru0142/workspace.mcu/i2c/mbed/TARGET_K64F/TOOLCHAIN_GCC_ARM/fsl_llwu.o /home/fei/kru0142/workspace.mcu/i2c/mbed/TARGET_K64F/TOOLCHAIN_GCC_ARM/fsl_lptmr.o /home/fei/kru0142/workspace.mcu/i2c/mbed/TARGET_K64F/TOOLCHAIN_GCC_ARM/fsl_pdb.o /home/fei/kru0142/workspace.mcu/i2c/mbed/TARGET_K64F/TOOLCHAIN_GCC_ARM/fsl_phy.o /home/fei/kru0142/workspace.mcu/i2c/mbed/TARGET_K64F/TOOLCHAIN_GCC_ARM/fsl_pit.o /home/fei/kru0142/workspace.mcu/i2c/mbed/TARGET_K64F/TOOLCHAIN_GCC_ARM/fsl_pmc.o /home/fei/kru0142/workspace.mcu/i2c/mbed/TARGET_K64F/TOOLCHAIN_GCC_ARM/fsl_rcm.o /home/fei/kru0142/workspace.mcu/i2c/mbed/TARGET_K64F/TOOLCHAIN_GCC_ARM/fsl_rnga.o /home/fei/kru0142/workspace.mcu/i2c/mbed/TARGET_K64F/TOOLCHAIN_GCC_ARM/fsl_rtc.o /home/fei/kru0142/workspace.mcu/i2c/mbed/TARGET_K64F/TOOLCHAIN_GCC_ARM/fsl_sai.o /home/fei/kru0142/workspace.mcu/i2c/mbed/TARGET_K64F/TOOLCHAIN_GCC_ARM/fsl_sai_edma.o /home/fei/kru0142/workspace.mcu/i2c/mbed/TARGET_K64F/TOOLCHAIN_GCC_ARM/fsl_sdhc.o /home/fei/kru0142/workspace.mcu/i2c/mbed/TARGET_K64F/TOOLCHAIN_GCC_ARM/fsl_sim.o /home/fei/kru0142/workspace.mcu/i2c/mbed/TARGET_K64F/TOOLCHAIN_GCC_ARM/fsl_smc.o /home/fei/kru0142/workspace.mcu/i2c/mbed/TARGET_K64F/TOOLCHAIN_GCC_ARM/fsl_sysmpu.o /home/fei/kru0142/workspace.mcu/i2c/mbed/TARGET_K64F/TOOLCHAIN_GCC_ARM/fsl_uart.o /home/fei/kru0142/workspace.mcu/i2c/mbed/TARGET_K64F/TOOLCHAIN_GCC_ARM/fsl_uart_edma.o /home/fei/kru0142/workspace.mcu/i2c/mbed/TARGET_K64F/TOOLCHAIN_GCC_ARM/fsl_vref.o /home/fei/kru0142/workspace.mcu/i2c/mbed/TARGET_K64F/TOOLCHAIN_GCC_ARM/fsl_wdog.o /home/fei/kru0142/workspace.mcu/i2c/mbed/TARGET_K64F/TOOLCHAIN_GCC_ARM/gpio_api.o /home/fei/kru0142/workspace.mcu/i2c/mbed/TARGET_K64F/TOOLCHAIN_GCC_ARM/gpio_irq_api.o /home/fei/kru0142/workspace.mcu/i2c/mbed/TARGET_K64F/TOOLCHAIN_GCC_ARM/i2c_api.o /home/fei/kru0142/workspace.mcu/i2c/mbed/TARGET_K64F/TOOLCHAIN_GCC_ARM/lp_ticker.o /home/fei/kru0142/workspace.mcu/i2c/mbed/TARGET_K64F/TOOLCHAIN_GCC_ARM/mbed_board.o /home/fei/kru0142/workspace.mcu/i2c/mbed/TARGET_K64F/TOOLCHAIN_GCC_ARM/mbed_crc_api.o /home/fei/kru0142/workspace.mcu/i2c/mbed/TARGET_K64F/TOOLCHAIN_GCC_ARM/mbed_overrides.o /home/fei/kru0142/workspace.mcu/i2c/mbed/TARGET_K64F/TOOLCHAIN_GCC_ARM/mbed_retarget.o /home/fei/kru0142/workspace.mcu/i2c/mbed/TARGET_K64F/TOOLCHAIN_GCC_ARM/mbed_sdk_boot.o /home/fei/kru0142/workspace.mcu/i2c/mbed/TARGET_K64F/TOOLCHAIN_GCC_ARM/mbed_tz_context.o /home/fei/kru0142/workspace.mcu/i2c/mbed/TARGET_K64F/TOOLCHAIN_GCC_ARM/pinmap.o /home/fei/kru0142/workspace.mcu/i2c/mbed/TARGET_K64F/TOOLCHAIN_GCC_ARM/port_api.o /home/fei/kru0142/workspace.mcu/i2c/mbed/TARGET_K64F/TOOLCHAIN_GCC_ARM/pwmout_api.o /home/fei/kru0142/workspace.mcu/i2c/mbed/TARGET_K64F/TOOLCHAIN_GCC_ARM/rtc_api.o /home/fei/kru0142/workspace.mcu/i2c/mbed/TARGET_K64F/TOOLCHAIN_GCC_ARM/serial_api.o /home/fei/kru0142/workspace.mcu/i2c/mbed/TARGET_K64F/TOOLCHAIN_GCC_ARM/sleep.o /home/fei/kru0142/workspace.mcu/i2c/mbed/TARGET_K64F/TOOLCHAIN_GCC_ARM/spi_api.o /home/fei/kru0142/workspace.mcu/i2c/mbed/TARGET_K64F/TOOLCHAIN_GCC_ARM/startup_MK64F12.o /home/fei/kru0142/workspace.mcu/i2c/mbed/TARGET_K64F/TOOLCHAIN_GCC_ARM/storage_driver.o /home/fei/kru0142/workspace.mcu/i2c/mbed/TARGET_K64F/TOOLCHAIN_GCC_ARM/system_MK64F12.o /home/fei/kru0142/workspace.mcu/i2c/mbed/TARGET_K64F/TOOLCHAIN_GCC_ARM/trng_api.o /home/fei/kru0142/workspace.mcu/i2c/mbed/TARGET_K64F/TOOLCHAIN_GCC_ARM/us_ticker.o -lmbed -lstdc++ -lsupc++ -lm -lc -lgcc -lnosys -L"/home/fei/kru0142/workspace.mcu/i2c/mbed/TARGET_K64F/TOOLCHAIN_GCC_ARM" -DMBED_DEBUG -DMBED_TRAP_ERRORS_ENABLED=1 -Wl,-n -Wl,--start-group -lstdc++ -lsupc++ -lm -lc -lgcc -lnosys -lmbed -Wl,--end-group -Xlinker -Map="i2c.map" -Xlinker -print-memory-usage -Xlinker --gc-sections -Xlinker --wrap=main -Xlinker --wrap=_malloc_r -Xlinker --wrap=_free_r -Xlinker --wrap=_realloc_r -Xlinker --wrap=_memalign_r -Xlinker --wrap=_calloc_r -Xlinker --wrap=exit -Xlinker --wrap=atexit -mcpu=cortex-m4 -mfpu=fpv4-sp-d16 -mfloat-abi=softfp -mthumb -T /home/fei/kru0142/workspace.mcu/i2c/Debug/linker-script-debug.ld
Memory region         Used Size  Region Size  %age Used
    m_interrupts:          1 KB         1 KB    100.00%
  m_flash_config:          16 B         16 B    100.00%
          m_text:       60848 B    1047536 B      5.81%
          m_data:          1 KB        64 KB      1.56%
        m_data_2:       30968 B       192 KB     15.75%
Finished building target: i2c.axf
 
make --no-print-directory post-build
Performing post-build steps
arm-none-eabi-size "i2c.axf" ; arm-none-eabi-objcopy -v -O binary "i2c.axf" "i2c.bin" ; checksum -p MK64FN1M0xxx12 -d "i2c.bin"
   text	   data	    bss	    dec	    hex	filename
  59112	   2772	  29240	  91124	  163f4	i2c.axf
copy from `i2c.axf' [elf32-littlearm] to `i2c.bin' [binary]
Written checksum 0xdffca8a4 at offset 0x1c in file i2c.bin
Previous value 0x00000000 at offset 0x1c in file i2c.bin
 
08:49:51 **** Incremental Build of configuration Debug for project i2c ****
make -r -j4 linker-script-debug.ld all 
make: 'linker-script-debug.ld' is up to date.
make: Nothing to be done for 'all'.
