07:24:34 **** Build of configuration Debug for project leds ****
make -r -j4 linker-script-debug.ld all 
make: 'linker-script-debug.ld' is up to date.
Building target: leds.axf
Invoking: MCU C++ Linker
arm-none-eabi-c++ -o "leds.axf"  ./main-leds.o  /home/fei/kru0142/workspace.mcu/leds/mbed/TARGET_K64F/TOOLCHAIN_GCC_ARM/PeripheralPins.o /home/fei/kru0142/workspace.mcu/leds/mbed/TARGET_K64F/TOOLCHAIN_GCC_ARM/analogin_api.o /home/fei/kru0142/workspace.mcu/leds/mbed/TARGET_K64F/TOOLCHAIN_GCC_ARM/analogout_api.o /home/fei/kru0142/workspace.mcu/leds/mbed/TARGET_K64F/TOOLCHAIN_GCC_ARM/crc.o /home/fei/kru0142/workspace.mcu/leds/mbed/TARGET_K64F/TOOLCHAIN_GCC_ARM/dma_api.o /home/fei/kru0142/workspace.mcu/leds/mbed/TARGET_K64F/TOOLCHAIN_GCC_ARM/flash_api.o /home/fei/kru0142/workspace.mcu/leds/mbed/TARGET_K64F/TOOLCHAIN_GCC_ARM/fsl_adc16.o /home/fei/kru0142/workspace.mcu/leds/mbed/TARGET_K64F/TOOLCHAIN_GCC_ARM/fsl_clock.o /home/fei/kru0142/workspace.mcu/leds/mbed/TARGET_K64F/TOOLCHAIN_GCC_ARM/fsl_clock_config.o /home/fei/kru0142/workspace.mcu/leds/mbed/TARGET_K64F/TOOLCHAIN_GCC_ARM/fsl_cmp.o /home/fei/kru0142/workspace.mcu/leds/mbed/TARGET_K64F/TOOLCHAIN_GCC_ARM/fsl_cmt.o /home/fei/kru0142/workspace.mcu/leds/mbed/TARGET_K64F/TOOLCHAIN_GCC_ARM/fsl_common.o /home/fei/kru0142/workspace.mcu/leds/mbed/TARGET_K64F/TOOLCHAIN_GCC_ARM/fsl_crc.o /home/fei/kru0142/workspace.mcu/leds/mbed/TARGET_K64F/TOOLCHAIN_GCC_ARM/fsl_dac.o /home/fei/kru0142/workspace.mcu/leds/mbed/TARGET_K64F/TOOLCHAIN_GCC_ARM/fsl_dmamux.o /home/fei/kru0142/workspace.mcu/leds/mbed/TARGET_K64F/TOOLCHAIN_GCC_ARM/fsl_dspi.o /home/fei/kru0142/workspace.mcu/leds/mbed/TARGET_K64F/TOOLCHAIN_GCC_ARM/fsl_dspi_edma.o /home/fei/kru0142/workspace.mcu/leds/mbed/TARGET_K64F/TOOLCHAIN_GCC_ARM/fsl_edma.o /home/fei/kru0142/workspace.mcu/leds/mbed/TARGET_K64F/TOOLCHAIN_GCC_ARM/fsl_enet.o /home/fei/kru0142/workspace.mcu/leds/mbed/TARGET_K64F/TOOLCHAIN_GCC_ARM/fsl_ewm.o /home/fei/kru0142/workspace.mcu/leds/mbed/TARGET_K64F/TOOLCHAIN_GCC_ARM/fsl_flash.o /home/fei/kru0142/workspace.mcu/leds/mbed/TARGET_K64F/TOOLCHAIN_GCC_ARM/fsl_flexbus.o /home/fei/kru0142/workspace.mcu/leds/mbed/TARGET_K64F/TOOLCHAIN_GCC_ARM/fsl_flexcan.o /home/fei/kru0142/workspace.mcu/leds/mbed/TARGET_K64F/TOOLCHAIN_GCC_ARM/fsl_ftm.o /home/fei/kru0142/workspace.mcu/leds/mbed/TARGET_K64F/TOOLCHAIN_GCC_ARM/fsl_gpio.o /home/fei/kru0142/workspace.mcu/leds/mbed/TARGET_K64F/TOOLCHAIN_GCC_ARM/fsl_i2c.o /home/fei/kru0142/workspace.mcu/leds/mbed/TARGET_K64F/TOOLCHAIN_GCC_ARM/fsl_i2c_edma.o /home/fei/kru0142/workspace.mcu/leds/mbed/TARGET_K64F/TOOLCHAIN_GCC_ARM/fsl_llwu.o /home/fei/kru0142/workspace.mcu/leds/mbed/TARGET_K64F/TOOLCHAIN_GCC_ARM/fsl_lptmr.o /home/fei/kru0142/workspace.mcu/leds/mbed/TARGET_K64F/TOOLCHAIN_GCC_ARM/fsl_pdb.o /home/fei/kru0142/workspace.mcu/leds/mbed/TARGET_K64F/TOOLCHAIN_GCC_ARM/fsl_phy.o /home/fei/kru0142/workspace.mcu/leds/mbed/TARGET_K64F/TOOLCHAIN_GCC_ARM/fsl_pit.o /home/fei/kru0142/workspace.mcu/leds/mbed/TARGET_K64F/TOOLCHAIN_GCC_ARM/fsl_pmc.o /home/fei/kru0142/workspace.mcu/leds/mbed/TARGET_K64F/TOOLCHAIN_GCC_ARM/fsl_rcm.o /home/fei/kru0142/workspace.mcu/leds/mbed/TARGET_K64F/TOOLCHAIN_GCC_ARM/fsl_rnga.o /home/fei/kru0142/workspace.mcu/leds/mbed/TARGET_K64F/TOOLCHAIN_GCC_ARM/fsl_rtc.o /home/fei/kru0142/workspace.mcu/leds/mbed/TARGET_K64F/TOOLCHAIN_GCC_ARM/fsl_sai.o /home/fei/kru0142/workspace.mcu/leds/mbed/TARGET_K64F/TOOLCHAIN_GCC_ARM/fsl_sai_edma.o /home/fei/kru0142/workspace.mcu/leds/mbed/TARGET_K64F/TOOLCHAIN_GCC_ARM/fsl_sdhc.o /home/fei/kru0142/workspace.mcu/leds/mbed/TARGET_K64F/TOOLCHAIN_GCC_ARM/fsl_sim.o /home/fei/kru0142/workspace.mcu/leds/mbed/TARGET_K64F/TOOLCHAIN_GCC_ARM/fsl_smc.o /home/fei/kru0142/workspace.mcu/leds/mbed/TARGET_K64F/TOOLCHAIN_GCC_ARM/fsl_sysmpu.o /home/fei/kru0142/workspace.mcu/leds/mbed/TARGET_K64F/TOOLCHAIN_GCC_ARM/fsl_uart.o /home/fei/kru0142/workspace.mcu/leds/mbed/TARGET_K64F/TOOLCHAIN_GCC_ARM/fsl_uart_edma.o /home/fei/kru0142/workspace.mcu/leds/mbed/TARGET_K64F/TOOLCHAIN_GCC_ARM/fsl_vref.o /home/fei/kru0142/workspace.mcu/leds/mbed/TARGET_K64F/TOOLCHAIN_GCC_ARM/fsl_wdog.o /home/fei/kru0142/workspace.mcu/leds/mbed/TARGET_K64F/TOOLCHAIN_GCC_ARM/gpio_api.o /home/fei/kru0142/workspace.mcu/leds/mbed/TARGET_K64F/TOOLCHAIN_GCC_ARM/gpio_irq_api.o /home/fei/kru0142/workspace.mcu/leds/mbed/TARGET_K64F/TOOLCHAIN_GCC_ARM/i2c_api.o /home/fei/kru0142/workspace.mcu/leds/mbed/TARGET_K64F/TOOLCHAIN_GCC_ARM/lp_ticker.o /home/fei/kru0142/workspace.mcu/leds/mbed/TARGET_K64F/TOOLCHAIN_GCC_ARM/mbed_board.o /home/fei/kru0142/workspace.mcu/leds/mbed/TARGET_K64F/TOOLCHAIN_GCC_ARM/mbed_crc_api.o /home/fei/kru0142/workspace.mcu/leds/mbed/TARGET_K64F/TOOLCHAIN_GCC_ARM/mbed_overrides.o /home/fei/kru0142/workspace.mcu/leds/mbed/TARGET_K64F/TOOLCHAIN_GCC_ARM/mbed_retarget.o /home/fei/kru0142/workspace.mcu/leds/mbed/TARGET_K64F/TOOLCHAIN_GCC_ARM/mbed_sdk_boot.o /home/fei/kru0142/workspace.mcu/leds/mbed/TARGET_K64F/TOOLCHAIN_GCC_ARM/mbed_tz_context.o /home/fei/kru0142/workspace.mcu/leds/mbed/TARGET_K64F/TOOLCHAIN_GCC_ARM/pinmap.o /home/fei/kru0142/workspace.mcu/leds/mbed/TARGET_K64F/TOOLCHAIN_GCC_ARM/port_api.o /home/fei/kru0142/workspace.mcu/leds/mbed/TARGET_K64F/TOOLCHAIN_GCC_ARM/pwmout_api.o /home/fei/kru0142/workspace.mcu/leds/mbed/TARGET_K64F/TOOLCHAIN_GCC_ARM/rtc_api.o /home/fei/kru0142/workspace.mcu/leds/mbed/TARGET_K64F/TOOLCHAIN_GCC_ARM/serial_api.o /home/fei/kru0142/workspace.mcu/leds/mbed/TARGET_K64F/TOOLCHAIN_GCC_ARM/sleep.o /home/fei/kru0142/workspace.mcu/leds/mbed/TARGET_K64F/TOOLCHAIN_GCC_ARM/spi_api.o /home/fei/kru0142/workspace.mcu/leds/mbed/TARGET_K64F/TOOLCHAIN_GCC_ARM/startup_MK64F12.o /home/fei/kru0142/workspace.mcu/leds/mbed/TARGET_K64F/TOOLCHAIN_GCC_ARM/storage_driver.o /home/fei/kru0142/workspace.mcu/leds/mbed/TARGET_K64F/TOOLCHAIN_GCC_ARM/system_MK64F12.o /home/fei/kru0142/workspace.mcu/leds/mbed/TARGET_K64F/TOOLCHAIN_GCC_ARM/trng_api.o /home/fei/kru0142/workspace.mcu/leds/mbed/TARGET_K64F/TOOLCHAIN_GCC_ARM/us_ticker.o -lmbed -lstdc++ -lsupc++ -lm -lc -lgcc -lnosys -L"/home/fei/kru0142/workspace.mcu/leds/mbed/TARGET_K64F/TOOLCHAIN_GCC_ARM" -DMBED_DEBUG -DMBED_TRAP_ERRORS_ENABLED=1 -Wl,-n -Wl,--start-group -lstdc++ -lsupc++ -lm -lc -lgcc -lnosys -lmbed -Wl,--end-group -Xlinker -Map="leds.map" -Xlinker -print-memory-usage -Xlinker --gc-sections -Xlinker --wrap=main -Xlinker --wrap=_malloc_r -Xlinker --wrap=_free_r -Xlinker --wrap=_realloc_r -Xlinker --wrap=_memalign_r -Xlinker --wrap=_calloc_r -Xlinker --wrap=exit -Xlinker --wrap=atexit -mcpu=cortex-m4 -mfpu=fpv4-sp-d16 -mfloat-abi=softfp -mthumb -T /home/fei/kru0142/workspace.mcu/leds/Debug/linker-script-debug.ld
Memory region         Used Size  Region Size  %age Used
    m_interrupts:          1 KB         1 KB    100.00%
  m_flash_config:          16 B         16 B    100.00%
          m_text:       45104 B    1047536 B      4.31%
          m_data:          1 KB        64 KB      1.56%
        m_data_2:       30456 B       192 KB     15.49%
Finished building target: leds.axf
 
make --no-print-directory post-build
Performing post-build steps
arm-none-eabi-size "leds.axf" ; arm-none-eabi-objcopy -v -O binary "leds.axf" "leds.bin" ; checksum -p MK64FN1M0xxx12 -d "leds.bin"
   text	   data	    bss	    dec	    hex	filename
  43368	   2768	  28732	  74868	  12474	leds.axf
copy from `leds.axf' [elf32-littlearm] to `leds.bin' [binary]
Written checksum 0xdffcb7b0 at offset 0x1c in file leds.bin
Previous value 0x00000000 at offset 0x1c in file leds.bin
 

07:24:34 Build Finished (took 415ms)

